// Jest Snapshot v1, https://goo.gl/fbAQLP

exports[`<App /> renders correctly 1`] = `
<View
  style={
    Object {
      "alignItems": "center",
      "backgroundColor": "#fff",
      "flex": 1,
      "justifyContent": "center",
    }
  }
>
  <Text>
     In the name of Allah......!!!!!!! 
  </Text>
  <Text>
     In the name of Allah 
  </Text>
  <Text>
     In the name of Allah 
  </Text>
  <Text>
     In the name of Allah 
  </Text>
  <Text>
     In the name of Allah 
  </Text>
</View>
`;
